%!Adobe-FontList 1.10

%BeginFont
Handler:DirectoryHandler
FontType:Invalid
OutlineFileName:C:\Documents and Settings\Blancalifca\Escritorio\Font\courier.php
FileModTime:1005505414
%EndFont

%BeginFont
Handler:DirectoryHandler
FontType:Invalid
OutlineFileName:C:\Documents and Settings\Blancalifca\Escritorio\Font\helvetica.php
FileModTime:1004680296
%EndFont

%BeginFont
Handler:DirectoryHandler
FontType:Invalid
OutlineFileName:C:\Documents and Settings\Blancalifca\Escritorio\Font\helveticab.php
FileModTime:1004680576
%EndFont

%BeginFont
Handler:DirectoryHandler
FontType:Invalid
OutlineFileName:C:\Documents and Settings\Blancalifca\Escritorio\Font\helveticabi.php
FileModTime:1004680758
%EndFont

%BeginFont
Handler:DirectoryHandler
FontType:Invalid
OutlineFileName:C:\Documents and Settings\Blancalifca\Escritorio\Font\helveticai.php
FileModTime:1004680662
%EndFont

%BeginFont
Handler:DirectoryHandler
FontType:Invalid
OutlineFileName:C:\Documents and Settings\Blancalifca\Escritorio\Font\symbol.php
FileModTime:1004831292
%EndFont

%BeginFont
Handler:DirectoryHandler
FontType:Invalid
OutlineFileName:C:\Documents and Settings\Blancalifca\Escritorio\Font\times.php
FileModTime:1004589694
%EndFont

%BeginFont
Handler:DirectoryHandler
FontType:Invalid
OutlineFileName:C:\Documents and Settings\Blancalifca\Escritorio\Font\timesb.php
FileModTime:1004679726
%EndFont

%BeginFont
Handler:DirectoryHandler
FontType:Invalid
OutlineFileName:C:\Documents and Settings\Blancalifca\Escritorio\Font\timesbi.php
FileModTime:1004680008
%EndFont

%BeginFont
Handler:DirectoryHandler
FontType:Invalid
OutlineFileName:C:\Documents and Settings\Blancalifca\Escritorio\Font\timesi.php
FileModTime:1004679964
%EndFont

%BeginFont
Handler:DirectoryHandler
FontType:Invalid
OutlineFileName:C:\Documents and Settings\Blancalifca\Escritorio\Font\zapfdingbats.php
FileModTime:1004905822
%EndFont

%BeginFont
Handler:DirectoryHandler
FontType:Invalid
OutlineFileName:C:\Documents and Settings\Blancalifca\Escritorio\Font\makefont\cp1250.map
FileModTime:1021153452
%EndFont

%BeginFont
Handler:DirectoryHandler
FontType:Invalid
OutlineFileName:C:\Documents and Settings\Blancalifca\Escritorio\Font\makefont\cp1251.map
FileModTime:1020108784
%EndFont

%BeginFont
Handler:DirectoryHandler
FontType:Invalid
OutlineFileName:C:\Documents and Settings\Blancalifca\Escritorio\Font\makefont\cp1252.map
FileModTime:1020108784
%EndFont

%BeginFont
Handler:DirectoryHandler
FontType:Invalid
OutlineFileName:C:\Documents and Settings\Blancalifca\Escritorio\Font\makefont\cp1253.map
FileModTime:1020626136
%EndFont

%BeginFont
Handler:DirectoryHandler
FontType:Invalid
OutlineFileName:C:\Documents and Settings\Blancalifca\Escritorio\Font\makefont\cp1254.map
FileModTime:1036211808
%EndFont

%BeginFont
Handler:DirectoryHandler
FontType:Invalid
OutlineFileName:C:\Documents and Settings\Blancalifca\Escritorio\Font\makefont\cp1255.map
FileModTime:1055719754
%EndFont

%BeginFont
Handler:DirectoryHandler
FontType:Invalid
OutlineFileName:C:\Documents and Settings\Blancalifca\Escritorio\Font\makefont\cp1257.map
FileModTime:1028146646
%EndFont

%BeginFont
Handler:DirectoryHandler
FontType:Invalid
OutlineFileName:C:\Documents and Settings\Blancalifca\Escritorio\Font\makefont\cp1258.map
FileModTime:1072846306
%EndFont

%BeginFont
Handler:DirectoryHandler
FontType:Invalid
OutlineFileName:C:\Documents and Settings\Blancalifca\Escritorio\Font\makefont\cp874.map
FileModTime:1045353844
%EndFont

%BeginFont
Handler:DirectoryHandler
FontType:Invalid
OutlineFileName:C:\Documents and Settings\Blancalifca\Escritorio\Font\makefont\iso-8859-1.map
FileModTime:1020875168
%EndFont

%BeginFont
Handler:DirectoryHandler
FontType:Invalid
OutlineFileName:C:\Documents and Settings\Blancalifca\Escritorio\Font\makefont\iso-8859-11.map
FileModTime:1045353754
%EndFont

%BeginFont
Handler:DirectoryHandler
FontType:Invalid
OutlineFileName:C:\Documents and Settings\Blancalifca\Escritorio\Font\makefont\iso-8859-15.map
FileModTime:1020875096
%EndFont

%BeginFont
Handler:DirectoryHandler
FontType:Invalid
OutlineFileName:C:\Documents and Settings\Blancalifca\Escritorio\Font\makefont\iso-8859-16.map
FileModTime:1020876580
%EndFont

%BeginFont
Handler:DirectoryHandler
FontType:Invalid
OutlineFileName:C:\Documents and Settings\Blancalifca\Escritorio\Font\makefont\iso-8859-2.map
FileModTime:1020875246
%EndFont

%BeginFont
Handler:DirectoryHandler
FontType:Invalid
OutlineFileName:C:\Documents and Settings\Blancalifca\Escritorio\Font\makefont\iso-8859-4.map
FileModTime:1028146350
%EndFont

%BeginFont
Handler:DirectoryHandler
FontType:Invalid
OutlineFileName:C:\Documents and Settings\Blancalifca\Escritorio\Font\makefont\iso-8859-5.map
FileModTime:1020883110
%EndFont

%BeginFont
Handler:DirectoryHandler
FontType:Invalid
OutlineFileName:C:\Documents and Settings\Blancalifca\Escritorio\Font\makefont\iso-8859-7.map
FileModTime:1020887082
%EndFont

%BeginFont
Handler:DirectoryHandler
FontType:Invalid
OutlineFileName:C:\Documents and Settings\Blancalifca\Escritorio\Font\makefont\iso-8859-9.map
FileModTime:1036282046
%EndFont

%BeginFont
Handler:DirectoryHandler
FontType:Invalid
OutlineFileName:C:\Documents and Settings\Blancalifca\Escritorio\Font\makefont\koi8-r.map
FileModTime:1020885752
%EndFont

%BeginFont
Handler:DirectoryHandler
FontType:Invalid
OutlineFileName:C:\Documents and Settings\Blancalifca\Escritorio\Font\makefont\koi8-u.map
FileModTime:1072659056
%EndFont

%BeginFont
Handler:DirectoryHandler
FontType:Invalid
OutlineFileName:C:\Documents and Settings\Blancalifca\Escritorio\Font\makefont\makefont.php
FileModTime:1104543808
%EndFont

